#-----------------------------------------------------------
# PlanAhead v14.1 (64-bit)
# Build 179419 by xbuild on Thu Apr 26 11:43:29 MDT 2012
# Start of session at: Fri Jun 24 11:12:01 2016
# Process ID: 2400
# Log file: C:\Users\azure\Desktop\MS_final\planAhead.log
# Journal file: C:\Users\azure\Desktop\MS_final\planAhead.jou
#-----------------------------------------------------------
start_gui
open_project {C:\Users\azure\Desktop\MS_final\MS_final.ppr}
add_files -norecurse C:/Users/azure/Desktop/MS_final/MS_final.srcs/sources_1/imports/facu/DispositivosInOut/shifter/ControladorShifter.v
remove_files C:/Users/azure/Desktop/MS_final/MS_final.srcs/sources_1/imports/facu/DispositivosInOut/ControladorSSEG.v
add_files -norecurse {C:/Users/azure/Desktop/MS_final/MS_final.srcs/sources_1/imports/facu/DispositivosInOut/sseg/ControladorSSEG.v C:/Users/azure/Desktop/MS_final/MS_final.srcs/sources_1/imports/facu/DispositivosInOut/sseg/disp_mux.v C:/Users/azure/Desktop/MS_final/MS_final.srcs/sources_1/imports/facu/DispositivosInOut/sseg/hex_to_sseg.v}
reset_run synth_1
launch_runs synth_1
wait_on_run synth_1
reset_run synth_1
launch_runs synth_1
wait_on_run synth_1
reset_run synth_1
launch_runs synth_1
wait_on_run synth_1
reset_run synth_1
launch_runs synth_1
wait_on_run synth_1
reset_run synth_1
launch_runs synth_1
wait_on_run synth_1
reset_run synth_1
launch_runs synth_1
wait_on_run synth_1
reset_run synth_1
launch_runs synth_1
wait_on_run synth_1
exit
